a = 12 
b = 10
print (a+b) 
print ("for merge testing")
